
> frontend@0.0.0 build
> vite build

[36mvite v7.3.0 [32mbuilding client environment for production...[36m[39m
transforming...
/*! ≡ƒî╝ daisyUI 5.5.14 */
[32mΓ£ô[39m 1827 modules transformed.
node.exe : [33m[esbuild css minify]
At C:\Program Files\nodejs\npm.ps1:29 char:3
+   & $NODE_EXE $NPM_CLI_JS $args
+   ~~~~~~~~~~~~~~~~~~~~~~~~~~~~~
    + CategoryInfo          : NotSpecified: ([33m[esbuild css minify]:String) 
    [], RemoteException
    + FullyQualifiedErrorId : NativeCommandError
 
Γû▓ [WARNING] Unexpected "{" [css-syntax-error]

    <stdin>:5020:3:
      5020 Γöé    {
           Γò╡    ^


Γû▓ [WARNING] Unexpected "{" [css-syntax-error]

    <stdin>:5134:3:
      5134 Γöé    {
           Γò╡    ^


Γû▓ [WARNING] Unexpected "{" [css-syntax-error]

    <stdin>:7261:3:
      7261 Γöé    {
           Γò╡    ^


Γû▓ [WARNING] Unexpected "{" [css-syntax-error]

    <stdin>:7291:3:
      7291 Γöé    {
           Γò╡    ^


Γû▓ [WARNING] Unexpected "{" [css-syntax-error]

    <stdin>:7321:3:
      7321 Γöé    {
           Γò╡    ^

[39m
rendering chunks...
computing gzip size...
[2mdist/[22m[32mindex.html                 [39m[1m[2m  0.46 kB[22m[1m[22m[2m Γöé gzip:   0.30 kB[22m
[2mdist/[22m[35massets/index-D7iOGytU.css  [39m[1m[2m208.68 kB[22m[1m[22m[2m Γöé gzip:  34.04 kB[22m
[2mdist/[22m[36massets/index-BCTC1k2B.js   [39m[1m[33m938.42 kB[39m[22m[2m Γöé gzip: 239.94 kB[22m
[33m
(!) Some chunks are larger than 500 kB after minification. Consider:
- Using dynamic import() to code-split the application
- Use build.rollupOptions.output.manualChunks to improve chunking: 
https://rollupjs.org/configuration-options/#output-manualchunks
- Adjust chunk size limit for this warning via 
build.chunkSizeWarningLimit.[39m
[32mΓ£ô built in 2m 35s[39m
